Busqueda Local 1-opt
Nodos: 5
Resultado: 90
Tiempo: 67

Busqueda Local 2-opt 
Nodos: 5
Resultado: 103
Tiempo: 62

Busqueda Local 1-opt
Nodos: 6
Resultado: 90
Tiempo: 81

Busqueda Local 2-opt 
Nodos: 6
Resultado: 132
Tiempo: 80

Busqueda Local 1-opt
Nodos: 7
Resultado: 90
Tiempo: 114

Busqueda Local 2-opt 
Nodos: 7
Resultado: 158
Tiempo: 97

Busqueda Local 1-opt
Nodos: 8
Resultado: 161
Tiempo: 93

Busqueda Local 2-opt 
Nodos: 8
Resultado: 161
Tiempo: 109

Busqueda Local 1-opt
Nodos: 9
Resultado: 169
Tiempo: 39

Busqueda Local 2-opt 
Nodos: 9
Resultado: 169
Tiempo: 133

Busqueda Local 1-opt
Nodos: 10
Resultado: 183
Tiempo: 119

Busqueda Local 2-opt 
Nodos: 10
Resultado: 183
Tiempo: 78

Busqueda Local 1-opt
Nodos: 11
Resultado: 192
Tiempo: 132

Busqueda Local 2-opt 
Nodos: 11
Resultado: 192
Tiempo: 188

Busqueda Local 1-opt
Nodos: 12
Resultado: 217
Tiempo: 151

Busqueda Local 2-opt 
Nodos: 12
Resultado: 217
Tiempo: 222

Busqueda Local 1-opt
Nodos: 13
Resultado: 228
Tiempo: 162

Busqueda Local 2-opt 
Nodos: 13
Resultado: 228
Tiempo: 257

Busqueda Local 1-opt
Nodos: 14
Resultado: 271
Tiempo: 178

Busqueda Local 2-opt 
Nodos: 14
Resultado: 271
Tiempo: 107

Busqueda Local 1-opt
Nodos: 15
Resultado: 290
Tiempo: 72

Busqueda Local 2-opt 
Nodos: 15
Resultado: 290
Tiempo: 126

Busqueda Local 1-opt
Nodos: 16
Resultado: 290
Tiempo: 79

Busqueda Local 2-opt 
Nodos: 16
Resultado: 290
Tiempo: 154

Busqueda Local 1-opt
Nodos: 17
Resultado: 302
Tiempo: 86

Busqueda Local 2-opt 
Nodos: 17
Resultado: 302
Tiempo: 169

Busqueda Local 1-opt
Nodos: 18
Resultado: 317
Tiempo: 91

Busqueda Local 2-opt 
Nodos: 18
Resultado: 317
Tiempo: 190

Busqueda Local 1-opt
Nodos: 19
Resultado: 321
Tiempo: 102

Busqueda Local 2-opt 
Nodos: 19
Resultado: 321
Tiempo: 216

Busqueda Local 1-opt
Nodos: 20
Resultado: 339
Tiempo: 108

Busqueda Local 2-opt 
Nodos: 20
Resultado: 339
Tiempo: 251

Busqueda Local 1-opt
Nodos: 21
Resultado: 366
Tiempo: 116

Busqueda Local 2-opt 
Nodos: 21
Resultado: 366
Tiempo: 280

Busqueda Local 1-opt
Nodos: 22
Resultado: 370
Tiempo: 121

Busqueda Local 2-opt 
Nodos: 22
Resultado: 370
Tiempo: 322

