Busqueda Local 1-opt
Nodos: 5
Resultado: 90
Tiempo: 27

Busqueda Local 2-opt 
Nodos: 5
Resultado: 167
Tiempo: 19

Busqueda Local 1-opt
Nodos: 6
Resultado: 90
Tiempo: 44

Busqueda Local 2-opt 
Nodos: 6
Resultado: 196
Tiempo: 34

Busqueda Local 1-opt
Nodos: 7
Resultado: 90
Tiempo: 49

Busqueda Local 2-opt 
Nodos: 7
Resultado: 222
Tiempo: 45

Busqueda Local 1-opt
Nodos: 8
Resultado: 90
Tiempo: 59

Busqueda Local 2-opt 
Nodos: 8
Resultado: 90
Tiempo: 86

Busqueda Local 1-opt
Nodos: 9
Resultado: 90
Tiempo: 67

Busqueda Local 2-opt 
Nodos: 9
Resultado: 90
Tiempo: 102

Busqueda Local 1-opt
Nodos: 10
Resultado: 90
Tiempo: 84

Busqueda Local 2-opt 
Nodos: 10
Resultado: 130
Tiempo: 130

Busqueda Local 1-opt
Nodos: 11
Resultado: 90
Tiempo: 95

Busqueda Local 2-opt 
Nodos: 11
Resultado: 130
Tiempo: 153

Busqueda Local 1-opt
Nodos: 12
Resultado: 90
Tiempo: 119

Busqueda Local 2-opt 
Nodos: 12
Resultado: 90
Tiempo: 199

Busqueda Local 1-opt
Nodos: 13
Resultado: 90
Tiempo: 128

Busqueda Local 2-opt 
Nodos: 13
Resultado: 90
Tiempo: 228

Busqueda Local 1-opt
Nodos: 14
Resultado: 415
Tiempo: 82

Busqueda Local 2-opt 
Nodos: 14
Resultado: 415
Tiempo: 316

Busqueda Local 1-opt
Nodos: 15
Resultado: 90
Tiempo: 346

Busqueda Local 2-opt 
Nodos: 15
Resultado: 440
Tiempo: 378

Busqueda Local 1-opt
Nodos: 16
Resultado: 466
Tiempo: 186

Busqueda Local 2-opt 
Nodos: 16
Resultado: 466
Tiempo: 425

Busqueda Local 1-opt
Nodos: 17
Resultado: 477
Tiempo: 203

Busqueda Local 2-opt 
Nodos: 17
Resultado: 477
Tiempo: 494

Busqueda Local 1-opt
Nodos: 18
Resultado: 90
Tiempo: 485

Busqueda Local 2-opt 
Nodos: 18
Resultado: 527
Tiempo: 576

Busqueda Local 1-opt
Nodos: 19
Resultado: 570
Tiempo: 232

Busqueda Local 2-opt 
Nodos: 19
Resultado: 570
Tiempo: 237

Busqueda Local 1-opt
Nodos: 20
Resultado: 589
Tiempo: 250

Busqueda Local 2-opt 
Nodos: 20
Resultado: 589
Tiempo: 370

Busqueda Local 1-opt
Nodos: 21
Resultado: 598
Tiempo: 270

Busqueda Local 2-opt 
Nodos: 21
Resultado: 598
Tiempo: 802

Busqueda Local 1-opt
Nodos: 22
Resultado: 598
Tiempo: 104

Busqueda Local 2-opt 
Nodos: 22
Resultado: 598
Tiempo: 887

