50 16243 569
60 15248 453
70 20745 696
80 19689 486
90 24652 1047
100 23812 531
110 28696 683
120 28303 938
130 33063 2075
140 30780 1016
150 37137 1157
160 36258 1454
170 40632 1630
180 40459 1597
190 44997 1772
200 43726 2034
