50 16190 16780
60 14932 26034
70 20091 50438
80 18896 87377
90 23262 185559
100 22600 234756
110 28042 250592
120 27850 358750
130 32025 439672
140 30907 563893
150 35580 987862
160 34774 1108037
170 39068 1577859
180 38510 1912471
190 43024 2692031
200 42006 2392790
