50 16243 204
60 15248 475
70 20745 629
80 19689 427
90 24652 583
100 23812 531
110 28696 625
120 28303 749
130 33063 1896
140 30780 1137
150 37137 1405
160 36258 2399
170 40632 1638
180 40459 1939
190 44997 1843
200 43726 1951
