200 25 40401 5150280
220 25 43994 8951472
240 25 47111 5060288
260 25 50476 22469597
280 25 54133 7571238
300 25 57327 13174739
320 25 61082 18900112
340 25 64080 48990529
360 25 68427 18462242
380 25 71693 37166622
400 25 74693 48672610
420 25 78377 39520920
440 25 81343 30665672
460 25 85293 46882678
480 25 88335 70305069
500 25 91613 51188339
