200 100 40228 9859159
220 100 43531 13487519
240 100 47216 16999744
260 100 50697 21671014
280 100 54127 28759374
300 100 57554 35973495
320 100 61081 43109958
340 100 64465 52053777
360 100 68107 62926632
380 100 71439 73563402
400 100 74276 85575007
420 100 78687 102234002
440 100 81650 118679570
460 100 85087 134154668
480 100 87890 155891858
500 100 91343 177245272
