200 10 40835 933603
220 10 43624 1521980
240 10 47735 1719339
260 10 51076 2391215
280 10 54153 3020003
300 10 57851 3466330
320 10 61484 4629113
340 10 64913 5318860
360 10 68797 5857288
380 10 71602 7164996
400 10 75221 9009946
420 10 78728 10162702
440 10 82494 11657948
460 10 85277 13298223
480 10 88889 16360511
500 10 92050 24665312
