200 25 40228 5051715
220 25 43531 7292609
240 25 47735 5729311
260 25 51076 7798804
280 25 54127 14652475
300 25 57554 13241213
320 25 61484 13167447
340 25 64465 32033342
360 25 68180 23953540
380 25 71602 24432445
400 25 74655 54751975
420 25 78728 32722439
440 25 81963 58248422
460 25 85087 86732329
480 25 87890 95577682
500 25 91620 89190810
