200 10 0 28763258
220 10 0 37865213
240 10 0 48908418
260 10 0 64678914
280 10 0 84755173
300 10 0 102925449
320 10 0 125717867
340 10 0 152565186
360 10 0 177490102
380 10 0 225467476
400 10 0 261496428
