200 10 40591 953875
220 10 44368 1220943
240 10 47111 1697224
260 10 51137 2274523
280 10 54133 2938959
300 10 58029 3600368
320 10 61201 4361150
340 10 65184 5480159
360 10 68427 6627528
380 10 72325 7568797
400 10 75319 9318568
420 10 78683 11403389
440 10 81343 12091002
460 10 85293 12263828
480 10 88900 13356928
500 10 91613 18342960
