200 100 40401 10178308
220 100 43908 13246861
240 100 47111 16669729
260 100 50476 23263554
280 100 53912 28126018
300 100 57261 36577725
320 100 61082 43779347
340 100 64080 54819173
360 100 67953 64062227
380 100 71492 75811248
400 100 74689 86815487
420 100 78095 101343645
440 100 81343 111093223
460 100 84600 129257428
