Se necesitan como parámetros: semilla, modo de uso de grasp, modo de uso del goloso aleatorio, cantidad de iteraciones para grasp, y el parametro aleatorio del goloso.
Se necesitan como parámetros: semilla, modo de uso de grasp, modo de uso del goloso aleatorio, cantidad de iteraciones para grasp, y el parametro aleatorio del goloso.
Se necesitan como parámetros: semilla, modo de uso de grasp, modo de uso del goloso aleatorio, cantidad de iteraciones para grasp, y el parametro aleatorio del goloso.
Se necesitan como parámetros: semilla, modo de uso de grasp, modo de uso del goloso aleatorio, cantidad de iteraciones para grasp, y el parametro aleatorio del goloso.
Se necesitan como parámetros: semilla, modo de uso de grasp, modo de uso del goloso aleatorio, cantidad de iteraciones para grasp, y el parametro aleatorio del goloso.
Se necesitan como parámetros: semilla, modo de uso de grasp, modo de uso del goloso aleatorio, cantidad de iteraciones para grasp, y el parametro aleatorio del goloso.
Se necesitan como parámetros: semilla, modo de uso de grasp, modo de uso del goloso aleatorio, cantidad de iteraciones para grasp, y el parametro aleatorio del goloso.
Se necesitan como parámetros: semilla, modo de uso de grasp, modo de uso del goloso aleatorio, cantidad de iteraciones para grasp, y el parametro aleatorio del goloso.
Se necesitan como parámetros: semilla, modo de uso de grasp, modo de uso del goloso aleatorio, cantidad de iteraciones para grasp, y el parametro aleatorio del goloso.
Se necesitan como parámetros: semilla, modo de uso de grasp, modo de uso del goloso aleatorio, cantidad de iteraciones para grasp, y el parametro aleatorio del goloso.
