5 5 69 115
6 5 143 153
7 5 182 237
8 5 246 220
9 5 308 360
10 5 442 509
11 5 605 623
12 5 675 355
13 5 879 486
14 5 984 632
15 5 1172 824
16 5 1280 1367
17 5 1380 1259
18 5 1781 1478
19 5 1973 1790
20 5 2106 1627
21 5 2494 1828
22 5 2779 1387
