5 5 2 120
6 5 12 191
7 5 25 192
8 5 32 293
9 5 45 326
10 5 74 842
11 5 140 533
12 5 167 1392
13 5 230 588
14 5 219 1337
15 5 299 1140
16 5 322 1133
17 5 406 1693
18 5 486 1819
19 5 580 1864
20 5 669 1509
21 5 806 2187
22 5 898 2194
