5 5 90 125
6 5 90 138
7 5 90 178
8 5 90 160
9 5 90 184
10 5 90 196
11 5 90 216
12 5 90 227
13 5 90 259
14 5 90 267
15 5 90 291
16 5 90 309
17 5 90 341
18 5 90 358
19 5 90 381
20 5 90 410
21 5 90 449
22 5 90 457
