2 23
3 147
4 525
5 1708
6 9563
7 49765
8 130594
9 4734959
