2 20
3 143
4 524
5 1835
6 9750
7 51004
8 134542
9 4852974
