2 23
3 147
4 495
5 765
6 9575
7 49775
8 131360
9 4784302
10 26429608
