6 2 187
7 2 595
8 2 559
9 2 1555
10 2 1420
11 2 3193
12 2 6063
13 2 7784
14 2 14231
15 2 41003
16 2 46000
17 2 103997
18 2 249286
19 2 508656
20 2 763926
21 2 1117621
22 2 1326637
23 2 5129047
24 2 17304008
25 2 24217413
26 2 74348071
27 2 85339284
