6 2 138
7 2 388
8 2 436
9 2 1147
10 2 1183
11 2 1807
12 2 3350
13 2 4680
14 2 8232
15 2 21982
16 2 26604
17 2 64867
18 2 139816
19 2 278791
20 2 405393
21 2 622360
22 2 858035
23 2 2923527
