6 3 87
7 3 674
8 3 1149
9 3 2173
10 3 3383
11 3 5909
12 3 7742
13 3 25117
14 3 45812
15 3 51175
16 3 381307
17 3 640320
18 3 2015709
19 3 4708506
20 3 6064971
21 3 10901480
22 3 12284248
23 3 36058630
