6 4 262
7 4 316
8 4 3060
9 4 674
10 4 5799
11 4 8208
12 4 9237
13 4 14664
14 4 51859
15 4 49765
16 4 448585
17 4 508897
18 4 2253465
19 4 2158004
20 4 5484074
21 4 8548831
22 4 17093267
23 4 21282510
