5 69
6 143
7 182
8 246
9 308
10 442
11 605
12 675
13 867
14 977
15 1132
16 1280
17 1380
18 1781
19 1968
20 2106
21 2494
22 2779
