5 152 33
6 152 33
7 212 37
8 288 23
9 347 44
10 442 50
11 698 54
12 797 50
13 923 52
14 1000 53
15 1252 75
16 1378 73
17 1556 72
18 1783 91
19 2010 96
20 2158 113
21 2655 107
22 3007 115
