5 25
6 43
7 59
8 98
9 228
10 219
11 312
12 412
13 473
14 498
15 686
16 833
17 838
18 974
19 1132
20 1223
21 1437
22 1659
