5 64
6 88
7 114
8 117
9 125
10 134
11 159
12 170
13 189
14 189
15 204
16 208
17 226
18 253
19 257
20 298
21 348
22 358
