5 167 29
6 196 20
7 222 52
8 284 27
9 335 52
10 338 38
11 346 57
12 360 61
13 369 63
14 415 47
15 440 49
16 466 51
17 477 54
18 527 57
19 570 73
20 589 65
21 598 83
22 598 88
