15 311 44
15 311 53
15 334 67
15 257 51
15 230 50
15 325 47
15 203 44
15 277 44
15 340 64
15 358 43
