5 103
6 132
7 158
8 161
9 169
10 183
11 192
12 217
13 228
14 271
15 290
16 290
17 302
18 317
19 321
20 339
21 366
22 370
