5 2 22
6 12 23
7 31 25
8 43 42
9 64 46
10 85 43
11 167 58
12 242 61
13 231 71
14 289 65
15 406 74
16 387 76
17 425 73
18 588 79
19 751 97
20 730 119
21 1032 121
22 1045 115
