200 10 40835 915076
220 10 43624 1490554
240 10 47735 1699260
260 10 51076 2364097
280 10 54153 2971171
300 10 57851 3395229
320 10 61484 4520866
340 10 64913 5266360
360 10 68797 5861489
380 10 71602 7169355
400 10 75221 9480602
420 10 78728 11572038
440 10 82494 11710309
460 10 85277 13581963
480 10 88889 16693426
500 10 92050 19934887
