200 25 40295 5594259
220 25 43713 15782766
240 25 47801 8427164
260 25 51271 8835455
280 25 53838 11035939
300 25 57337 41361437
320 25 61279 29242636
340 25 64816 28647818
360 25 68619 30619591
380 25 71265 48166394
400 25 75067 81327422
420 25 78636 72733160
440 25 81985 66460302
460 25 85451 76403757
480 25 88827 117135462
500 25 91536 301358633
