200 10 40591 936694
220 10 44368 1183573
240 10 47111 1688954
260 10 51137 2291544
280 10 54133 2950066
300 10 58029 3603720
320 10 61201 4331446
340 10 65184 5393867
360 10 68427 6561272
380 10 72325 7480992
400 10 75319 9483746
420 10 78683 11352993
440 10 81343 11986912
460 10 85293 11735538
480 10 88900 13272883
500 10 91613 18622638
