200 25 40401 5126558
220 25 43994 8951644
240 25 47111 5060169
260 25 50476 22997545
280 25 54133 7907056
300 25 57327 13473105
320 25 61082 19046471
340 25 64080 49886602
360 25 68427 18453246
380 25 71693 37380132
400 25 74693 48561945
420 25 78377 39861742
440 25 81343 31031029
460 25 85293 46836104
480 25 88335 70907507
500 25 91613 50897819
