200 10 41341 821964
220 10 44372 1752223
240 10 48199 2201043
260 10 52032 2384464
280 10 54640 3628291
300 10 58848 4280853
320 10 62026 4414836
340 10 65848 5539861
360 10 69612 6226745
380 10 72177 11023921
400 10 75489 12775753
420 10 79473 13651849
440 10 82842 16362510
460 10 85705 19411837
480 10 88537 23795237
500 10 92310 34038071
