200 25 41341 2100430
220 25 44372 4634010
240 25 48199 5758040
260 25 52032 6186135
280 25 54640 9426615
300 25 58848 10787518
320 25 62026 11463186
340 25 65848 14485102
360 25 69612 16160582
380 25 72177 28088050
400 25 74434 52896084
420 25 78808 71803230
440 25 80816 105841194
460 25 85439 104363215
480 25 88361 84825682
500 25 91984 89380382
