200 100 40228 9957661
220 100 43531 13463065
240 100 47216 16894006
260 100 50697 21627150
280 100 54127 28961858
300 100 57554 36201144
320 100 61081 43117314
340 100 64465 53052511
360 100 68107 63673283
380 100 71439 75372476
400 100 74276 86454869
420 100 78687 104413594
440 100 81650 118876560
460 100 85087 134424652
480 100 87890 157161878
500 100 91343 177440184
