200 10 40295 1494145
220 10 44292 1804888
240 10 47801 2783935
260 10 51271 3531300
280 10 53838 4565091
300 10 57828 6177880
320 10 62026 7256152
340 10 64816 9600767
360 10 68619 10649968
380 10 71684 12607084
400 10 75508 17032434
420 10 79066 19562900
440 10 81985 22986969
460 10 85451 27172712
480 10 88884 36917007
500 10 92388 34985484
