200 100 41341 8141898
220 100 44372 17743920
240 100 48199 21634709
260 100 52032 23890264
280 100 54640 36669498
300 100 58848 41800326
320 100 62026 44193747
340 100 65848 55778202
360 100 69612 62151221
380 100 72177 109472430
400 100 74434 129687857
420 100 78706 147521483
440 100 80816 170251457
460 100 84913 193583616
480 100 87684 224612567
500 100 91539 252268410
