200 5 40835 944040
220 5 43624 1788815
240 5 47735 2269200
260 5 51076 3741721
280 5 54153 3045694
300 5 57851 3812252
320 5 61484 4176390
340 5 64913 5913234
360 5 68854 4698047
380 5 71967 4556812
400 5 75221 6188259
420 5 78728 12474283
440 5 82494 7373734
460 5 85277 7996836
480 5 88889 16435008
500 5 92050 14128953
