200 25 40228 5094431
220 25 43531 7376306
240 25 47735 6027608
260 25 51076 7704900
280 25 54127 14625256
300 25 57554 13580871
320 25 61484 13179032
340 25 64465 31981121
360 25 68180 23973942
380 25 71602 24608031
400 25 74655 54619523
420 25 78728 32636677
440 25 81963 58286437
460 25 85087 88510624
480 25 87890 96472552
500 25 91620 89043825
