200 100 40401 10111050
220 100 43908 13141023
240 100 47111 16837015
260 100 50476 23219905
280 100 53912 28351389
300 100 57261 36996487
320 100 61082 44280993
340 100 64080 54681370
360 100 67953 64537090
380 100 71492 76249733
400 100 74689 87684167
420 100 78095 102698446
440 100 81343 113332299
460 100 84600 130716510
480 100 87871 151411533
500 100 91290 175576100
