200 5 40591 1075171
220 5 44368 1373589
240 5 47111 1721499
260 5 51137 2299821
280 5 54133 2148803
300 5 57327 5908425
320 5 61201 3602239
340 5 65184 7141971
360 5 68427 5698211
380 5 72325 7504010
400 5 75319 6719853
420 5 78683 6984880
440 5 81343 8929481
460 5 85476 8553540
480 5 88513 28210423
500 5 91613 18463853
