200 5 40517 910721
220 5 44292 1271957
240 5 48057 1506808
260 5 51271 2232862
280 5 53838 2943691
300 5 57828 4317651
320 5 61279 14090466
340 5 64816 12056360
360 5 68619 8557953
380 5 71989 9528393
400 5 75508 12315157
420 5 79066 15596243
440 5 81985 23234512
460 5 85451 27027055
480 5 88884 41073636
500 5 92388 41636830
