10 22354
25 55558
40 88538
55 123356
70 154821
85 188025
100 223249
115 256394
130 289000
145 325007
160 354093
175 386931
190 420332
205 454210
220 487502
235 521558
250 552258
265 587433
280 620325
295 652815
310 685731
325 718855
340 759721
355 786191
370 818856
385 851545
400 886059
415 921732
430 952229
445 986501
460 1027038
475 1050999
490 1086406
