10 369699
25 914295
40 1461934
55 2008667
70 2558014
85 3125316
100 3670094
115 4204142
130 4770149
145 5335496
160 5852072
175 6380785
190 6947520
205 7503050
220 8028766
235 8585086
250 9139717
265 9692127
280 10289096
295 10801435
310 11310969
325 12044320
340 12533397
355 13075900
370 13731936
385 14208110
400 14772805
415 15517511
430 15859288
445 16424152
460 16837667
475 17298944
490 17928749
