10 3746
25 26739
40 72407
55 139746
70 228702
85 337551
100 468353
115 621621
130 801038
145 990013
160 1204342
175 1462698
190 1708917
205 2022294
220 2297449
235 2632404
250 2979015
265 3366902
280 3749817
295 4168330
310 4592268
325 4905853
340 5387853
355 6030212
370 6560351
385 6902138
400 7436291
415 8044157
430 8648294
445 9156081
460 9921359
475 10781878
490 11096993
