10 15145
25 108954
40 290518
55 555932
70 905763
85 1313617
100 1812744
115 2417954
130 3084053
145 3849261
160 4661270
175 5597574
190 6605281
205 7681475
220 8855308
235 10126569
250 11426394
265 12877407
280 14379452
295 16066085
310 17604930
325 19459171
340 21145774
355 23441418
370 25417352
385 27151390
400 30014229
415 31635915
430 34133513
445 36448662
460 38655005
475 41260335
490 44136286
